2026-08-21 12:45:37 | INFO     | Main | Starting TalentScout application...
2026-08-21 12:45:54 | INFO     | pdf_parser | Parsing resume: Aug resume.pdf
2026-08-21 12:45:55 | DEBUG    | pdf_parser | Parsed candidate: Kalle Vamsi | skills=31
2026-08-21 12:45:55 | INFO     | pdf_parser | Parsing resume: codegnan resume.pdf
2026-08-21 12:45:55 | DEBUG    | pdf_parser | Parsed candidate: Kalle Vamsi | skills=20
2026-08-21 12:45:55 | INFO     | pdf_parser | Parsing resume: JAswanth overleaf resume.pdf
2026-08-21 12:45:55 | DEBUG    | pdf_parser | Parsed candidate: Chapala Jaswanth | skills=31
2026-08-21 12:45:55 | INFO     | pdf_parser | Parsing resume: previous resume in codegnan.pdf
2026-08-21 12:45:55 | DEBUG    | pdf_parser | Parsed candidate: Kalle Vamsi | skills=32
2026-08-21 12:46:22 | INFO     | analyzer | Analyzed 4 candidates for role 'python full stack developer'
2026-08-21 12:46:44 | INFO     | pdf_parser | Parsing resume: Aug resume.pdf
2026-08-21 12:46:44 | DEBUG    | pdf_parser | Parsed candidate: Kalle Vamsi | skills=31
2026-08-21 12:46:44 | INFO     | pdf_parser | Parsing resume: codegnan resume.pdf
2026-08-21 12:46:45 | DEBUG    | pdf_parser | Parsed candidate: Kalle Vamsi | skills=20
2026-08-21 12:46:45 | INFO     | pdf_parser | Parsing resume: JAswanth overleaf resume.pdf
2026-08-21 12:46:45 | DEBUG    | pdf_parser | Parsed candidate: Chapala Jaswanth | skills=31
2026-08-21 12:46:45 | INFO     | pdf_parser | Parsing resume: previous resume in codegnan.pdf
2026-08-21 12:46:45 | DEBUG    | pdf_parser | Parsed candidate: Kalle Vamsi | skills=32
2026-08-21 12:46:55 | INFO     | analyzer | Analyzed 4 candidates for role 'python full stack developer'
2026-08-21 12:48:32 | INFO     | pdf_parser | Parsing resume: Aug resume.pdf
2026-08-21 12:48:32 | DEBUG    | pdf_parser | Parsed candidate: Kalle Vamsi | skills=31
2026-08-21 12:48:32 | INFO     | pdf_parser | Parsing resume: codegnan resume.pdf
2026-08-21 12:48:32 | DEBUG    | pdf_parser | Parsed candidate: Kalle Vamsi | skills=20
2026-08-21 12:48:32 | INFO     | pdf_parser | Parsing resume: JAswanth overleaf resume.pdf
2026-08-21 12:48:32 | DEBUG    | pdf_parser | Parsed candidate: Chapala Jaswanth | skills=31
2026-08-21 12:48:32 | INFO     | pdf_parser | Parsing resume: previous resume in codegnan.pdf
2026-08-21 12:48:33 | DEBUG    | pdf_parser | Parsed candidate: Kalle Vamsi | skills=32
2026-08-21 12:48:41 | INFO     | analyzer | Analyzed 4 candidates for role 'python full stack developer'
2026-08-21 12:49:28 | INFO     | pdf_parser | Parsing resume: Aug resume.pdf
2026-08-21 12:49:28 | DEBUG    | pdf_parser | Parsed candidate: Kalle Vamsi | skills=31
2026-08-21 12:49:28 | INFO     | pdf_parser | Parsing resume: codegnan resume.pdf
2026-08-21 12:49:29 | DEBUG    | pdf_parser | Parsed candidate: Kalle Vamsi | skills=20
2026-08-21 12:49:29 | INFO     | pdf_parser | Parsing resume: JAswanth overleaf resume.pdf
2026-08-21 12:49:29 | DEBUG    | pdf_parser | Parsed candidate: Chapala Jaswanth | skills=31
2026-08-21 12:49:29 | INFO     | pdf_parser | Parsing resume: previous resume in codegnan.pdf
2026-08-21 12:49:29 | DEBUG    | pdf_parser | Parsed candidate: Kalle Vamsi | skills=32
2026-08-21 12:50:06 | INFO     | analyzer | Analyzed 4 candidates for role 'Java Developer'
2026-08-21 12:50:06 | INFO     | analyzer | Analyzed 4 candidates for role 'Java Developer'
2026-08-21 12:50:11 | INFO     | analyzer | Analyzed 4 candidates for role 'Java Developer'
2026-08-21 12:50:33 | INFO     | analyzer | Analyzed 4 candidates for role 'Java Developer'
2026-08-21 12:51:55 | INFO     | analyzer | Analyzed 4 candidates for role 'Java Developer'
2026-08-21 12:52:18 | INFO     | pdf_parser | Parsing resume: Akshay_Vaishnav_s_CV__Mechanical_Engineer_ (2).pdf
2026-08-21 12:52:18 | DEBUG    | pdf_parser | Parsed candidate: Kalle Vamsi | skills=31
2026-08-21 12:52:18 | INFO     | pdf_parser | Parsing resume: Akshay_Vaishnav_s_CV__Mechanical_Engineer_ (1).pdf
2026-08-21 12:52:18 | DEBUG    | pdf_parser | Parsed candidate: Kalle Vamsi | skills=33
2026-08-21 12:52:39 | INFO     | pdf_parser | Parsing resume: Akshay_Vaishnav_s_CV__Mechanical_Engineer_ (2).pdf
2026-08-21 12:52:39 | DEBUG    | pdf_parser | Parsed candidate: Kalle Vamsi | skills=31
2026-08-21 12:52:39 | INFO     | pdf_parser | Parsing resume: Akshay_Vaishnav_s_CV__Mechanical_Engineer_ (1).pdf
2026-08-21 12:52:39 | DEBUG    | pdf_parser | Parsed candidate: Kalle Vamsi | skills=33
2026-08-21 12:52:39 | INFO     | pdf_parser | Parsing resume: Project Ideas_ Set 3 (1).pdf
2026-08-21 12:52:44 | DEBUG    | pdf_parser | Parsed candidate: Project Description | skills=8
2026-08-21 12:52:44 | INFO     | pdf_parser | Parsing resume: Akshay_Vaishnav_s_CV__Mechanical_Engineer_.pdf
2026-08-21 12:52:45 | DEBUG    | pdf_parser | Parsed candidate: Kalle Vamsi | skills=33
2026-08-21 12:52:45 | INFO     | pdf_parser | Parsing resume: Project Ideas_ Set 3.pdf
2026-08-21 12:52:50 | DEBUG    | pdf_parser | Parsed candidate: Project Description | skills=8
2026-08-21 12:52:50 | INFO     | pdf_parser | Parsing resume: Python.pdf
2026-08-21 12:52:50 | WARNING  | gui | Failed to extract data from 'Python.pdf'. Reason: No /Root object! - Is this really a PDF?
2026-08-21 12:52:50 | INFO     | pdf_parser | Parsing resume: python_basic certificate.pdf
2026-08-21 12:52:50 | WARNING  | gui | Failed to extract data from 'python_basic certificate.pdf'. Reason: No selectable text found (the PDF may be a scanned image).
2026-08-21 12:52:50 | INFO     | pdf_parser | Parsing resume: Interview questions Data types.pdf.pdf
2026-08-21 12:52:51 | DEBUG    | pdf_parser | Parsed candidate: Numbers | skills=3
2026-08-21 12:52:51 | INFO     | pdf_parser | Parsing resume: Variables_Objects_Memory_QA.pdf
2026-08-21 12:52:51 | DEBUG    | pdf_parser | Parsed candidate: Not Found | skills=3
2026-08-21 12:52:51 | INFO     | pdf_parser | Parsing resume: Python_Basics_Execution_Model_QA.pdf
2026-08-21 12:52:52 | DEBUG    | pdf_parser | Parsed candidate: Not Found | skills=4
2026-08-21 12:52:52 | INFO     | pdf_parser | Parsing resume: id card pdf.pdf
2026-08-21 12:52:52 | WARNING  | gui | Failed to extract data from 'id card pdf.pdf'. Reason: No selectable text found (the PDF may be a scanned image).
2026-08-21 12:52:52 | INFO     | pdf_parser | Parsing resume: my id card.pdf
2026-08-21 12:52:52 | WARNING  | gui | Failed to extract data from 'my id card.pdf'. Reason: No selectable text found (the PDF may be a scanned image).
2026-08-21 12:52:52 | INFO     | pdf_parser | Parsing resume: Python_Pattern_Printing_Guide.pdf
2026-08-21 12:52:52 | DEBUG    | pdf_parser | Parsed candidate: Python Pattern Printing | skills=2
2026-08-21 12:52:52 | INFO     | pdf_parser | Parsing resume: Python_Functions_Guide.pdf
2026-08-21 12:52:52 | DEBUG    | pdf_parser | Parsed candidate: Python Functions Guide | skills=2
2026-08-21 12:52:52 | INFO     | pdf_parser | Parsing resume: DAKKA_NEERAJ_BABU_FlowCV_Resume_2026-06-18 (2).pdf
2026-08-21 12:52:53 | DEBUG    | pdf_parser | Parsed candidate: Dakka Neeraj Babu | skills=26
2026-08-21 12:52:53 | INFO     | pdf_parser | Parsing resume: DAKKA_NEERAJ_BABU_FlowCV_Resume_2026-06-18 (1).pdf
2026-08-21 12:52:53 | DEBUG    | pdf_parser | Parsed candidate: Dakka Neeraj Babu | skills=23
2026-08-21 12:52:53 | INFO     | pdf_parser | Parsing resume: DAKKA_NEERAJ_BABU_FlowCV_Resume_2026-06-18.pdf
2026-08-21 12:52:54 | DEBUG    | pdf_parser | Parsed candidate: Dakka Neeraj Babu | skills=32
2026-08-21 12:52:54 | INFO     | pdf_parser | Parsing resume: E Call Letter.pdf
2026-08-21 12:52:58 | DEBUG    | pdf_parser | Parsed candidate: Railway | skills=2
2026-08-21 12:52:58 | INFO     | pdf_parser | Parsing resume: gpt resume.pdf
2026-08-21 12:52:58 | DEBUG    | pdf_parser | Parsed candidate: Kalle Vamsi | skills=20
2026-08-21 12:52:58 | INFO     | pdf_parser | Parsing resume: KALLE_VAMSI_FlowCV_Resume_2026-06-06.pdf
2026-08-21 12:52:59 | DEBUG    | pdf_parser | Parsed candidate: Kalle Vamsi | skills=24
2026-08-21 12:52:59 | INFO     | pdf_parser | Parsing resume: Copy of Day-9_ Type Conversions.pdf
2026-08-21 12:53:00 | DEBUG    | pdf_parser | Parsed candidate: examples and error cases. | skills=3
2026-08-21 12:53:00 | INFO     | pdf_parser | Parsing resume: Copy of Day-5_ Strings.pdf
2026-08-21 12:53:02 | DEBUG    | pdf_parser | Parsed candidate: Introduction to Strings | skills=3
2026-08-21 12:53:02 | INFO     | pdf_parser | Parsing resume: Copy of Day-4_ Python Operators.pdf
2026-08-21 12:53:04 | DEBUG    | pdf_parser | Parsed candidate: Python Operators | skills=2
2026-08-21 12:53:04 | INFO     | pdf_parser | Parsing resume: Copy of Day-3_ Data Types.pdf
2026-08-21 12:53:06 | DEBUG    | pdf_parser | Parsed candidate: Data Types | skills=2
2026-08-21 12:53:06 | INFO     | pdf_parser | Parsing resume: Copy of Day-1_ Introduction to Computer System and Python.pdf
2026-08-21 12:53:08 | DEBUG    | pdf_parser | Parsed candidate: Introduction to Computer Systems | skills=18
2026-08-21 12:53:08 | INFO     | pdf_parser | Parsing resume: Copy of Day-2_ Tokens, Statements, Identifiers, Comments, Keywords and Variables.pdf
2026-08-21 12:55:42 | INFO     | Main | Starting TalentScout application...
2026-08-21 12:56:20 | INFO     | pdf_parser | Parsing resume: Akshay_Vaishnav_s_CV__Mechanical_Engineer_ (1).pdf
2026-08-21 12:56:20 | DEBUG    | pdf_parser | Parsed candidate: Kalle Vamsi | skills=33
2026-08-21 12:56:20 | INFO     | pdf_parser | Parsing resume: Akshay_Vaishnav_s_CV__Mechanical_Engineer_.pdf
2026-08-21 12:56:21 | DEBUG    | pdf_parser | Parsed candidate: Kalle Vamsi | skills=33
2026-08-21 12:56:21 | INFO     | pdf_parser | Parsing resume: DAKKA_NEERAJ_BABU_FlowCV_Resume_2026-06-18 (1).pdf
2026-08-21 12:56:21 | DEBUG    | pdf_parser | Parsed candidate: Dakka Neeraj Babu | skills=23
2026-08-21 12:56:21 | INFO     | pdf_parser | Parsing resume: Jaswanth resume.pdf
2026-08-21 12:56:21 | DEBUG    | pdf_parser | Parsed candidate: Chapala Jaswanth | skills=7
2026-08-21 12:56:21 | INFO     | pdf_parser | Parsing resume: Supriya30.pdf
2026-08-21 12:56:22 | DEBUG    | pdf_parser | Parsed candidate: Menta Venkata Supriya | skills=20
2026-08-21 12:56:22 | INFO     | pdf_parser | Parsing resume: lakku madhavi resume.pdf
2026-08-21 12:56:22 | DEBUG    | pdf_parser | Parsed candidate: Lakku Madhavi | skills=20
2026-08-21 12:56:22 | INFO     | pdf_parser | Parsing resume: narayana resume.pdf
2026-08-21 12:56:22 | DEBUG    | pdf_parser | Parsed candidate: Nare Venkata Narayana | skills=28
2026-08-21 12:56:58 | INFO     | analyzer | Analyzed 7 candidates for role 'python developer'
2026-08-21 12:58:16 | INFO     | Main | TalentScout closed.
2026-08-24 08:26:14 | INFO     | Main | Starting TalentScout application...
2026-08-24 08:26:48 | INFO     | pdf_parser | Parsing resume: 01_Aarav_Mehta_Python_Developer.pdf
2026-08-24 08:26:48 | DEBUG    | pdf_parser | Parsed candidate: Aarav Mehta | skills=10
2026-08-24 08:26:48 | INFO     | pdf_parser | Parsing resume: 02_Priya_Sharma_Full_Stack_Developer.pdf
2026-08-24 08:26:49 | DEBUG    | pdf_parser | Parsed candidate: Priya Sharma | skills=12
2026-08-24 08:26:49 | INFO     | pdf_parser | Parsing resume: 03_Rohan_Kumar_Data_Analyst.pdf
2026-08-24 08:26:49 | DEBUG    | pdf_parser | Parsed candidate: Rohan Kumar | skills=9
2026-08-24 08:26:49 | INFO     | pdf_parser | Parsing resume: 04_Neha_Reddy_Data_Scientist.pdf
2026-08-24 08:26:49 | DEBUG    | pdf_parser | Parsed candidate: Neha Reddy | skills=10
2026-08-24 08:26:49 | INFO     | pdf_parser | Parsing resume: 05_Arjun_Varma_DevOps_Engineer.pdf
2026-08-24 08:26:49 | DEBUG    | pdf_parser | Parsed candidate: Arjun Varma | skills=15
2026-08-24 08:26:49 | INFO     | pdf_parser | Parsing resume: 06_Sneha_Iyer_Cloud_Engineer.pdf
2026-08-24 08:26:49 | DEBUG    | pdf_parser | Parsed candidate: Sneha Iyer | skills=11
2026-08-24 08:26:49 | INFO     | pdf_parser | Parsing resume: 07_Vikram_Singh_QA_Engineer.pdf
2026-08-24 08:26:49 | DEBUG    | pdf_parser | Parsed candidate: Vikram Singh | skills=10
2026-08-24 08:26:49 | INFO     | pdf_parser | Parsing resume: 08_Kavya_Nair_Cybersecurity_Analyst.pdf
2026-08-24 08:26:49 | DEBUG    | pdf_parser | Parsed candidate: Kavya Nair | skills=9
2026-08-24 08:26:49 | INFO     | pdf_parser | Parsing resume: 09_Aditya_Rao_Java_Developer.pdf
2026-08-24 08:26:49 | DEBUG    | pdf_parser | Parsed candidate: Aditya Rao | skills=11
2026-08-24 08:26:49 | INFO     | pdf_parser | Parsing resume: 10_Ananya_Gupta_ML_Engineer.pdf
2026-08-24 08:26:49 | DEBUG    | pdf_parser | Parsed candidate: Ananya Gupta | skills=12
2026-08-24 08:27:10 | INFO     | analyzer | Analyzed 10 candidates for role 'Python Developer'
2026-08-24 08:28:05 | INFO     | Main | TalentScout closed.
2026-08-24 11:39:17 | INFO     | Main | Starting TalentScout application...
2026-08-24 11:39:31 | INFO     | pdf_parser | Parsing resume: 01_Aarav_Mehta_Python_Developer.pdf
2026-08-24 11:39:31 | DEBUG    | pdf_parser | Parsed candidate: Aarav Mehta | skills=10
2026-08-24 11:39:31 | INFO     | pdf_parser | Parsing resume: 02_Priya_Sharma_Full_Stack_Developer.pdf
2026-08-24 11:39:31 | DEBUG    | pdf_parser | Parsed candidate: Priya Sharma | skills=12
2026-08-24 11:39:31 | INFO     | pdf_parser | Parsing resume: 03_Rohan_Kumar_Data_Analyst.pdf
2026-08-24 11:39:31 | DEBUG    | pdf_parser | Parsed candidate: Rohan Kumar | skills=9
2026-08-24 11:39:31 | INFO     | pdf_parser | Parsing resume: 04_Neha_Reddy_Data_Scientist.pdf
2026-08-24 11:39:31 | DEBUG    | pdf_parser | Parsed candidate: Neha Reddy | skills=10
2026-08-24 11:39:31 | INFO     | pdf_parser | Parsing resume: 05_Arjun_Varma_DevOps_Engineer.pdf
2026-08-24 11:39:31 | DEBUG    | pdf_parser | Parsed candidate: Arjun Varma | skills=15
2026-08-24 11:39:31 | INFO     | pdf_parser | Parsing resume: 06_Sneha_Iyer_Cloud_Engineer.pdf
2026-08-24 11:39:32 | DEBUG    | pdf_parser | Parsed candidate: Sneha Iyer | skills=11
2026-08-24 11:39:32 | INFO     | pdf_parser | Parsing resume: 07_Vikram_Singh_QA_Engineer.pdf
2026-08-24 11:39:32 | DEBUG    | pdf_parser | Parsed candidate: Vikram Singh | skills=10
2026-08-24 11:39:32 | INFO     | pdf_parser | Parsing resume: 08_Kavya_Nair_Cybersecurity_Analyst.pdf
2026-08-24 11:39:32 | DEBUG    | pdf_parser | Parsed candidate: Kavya Nair | skills=9
2026-08-24 11:39:32 | INFO     | pdf_parser | Parsing resume: 09_Aditya_Rao_Java_Developer.pdf
2026-08-24 11:39:32 | DEBUG    | pdf_parser | Parsed candidate: Aditya Rao | skills=11
2026-08-24 11:39:32 | INFO     | pdf_parser | Parsing resume: 10_Ananya_Gupta_ML_Engineer.pdf
2026-08-24 11:39:32 | DEBUG    | pdf_parser | Parsed candidate: Ananya Gupta | skills=12
2026-08-24 11:39:32 | INFO     | pdf_parser | Parsing resume: Achyuth_Reddy_Resume1.pdf
2026-08-24 11:39:32 | DEBUG    | pdf_parser | Parsed candidate: Pothula Achyuth Amathya Reddy | skills=33
2026-08-24 11:39:32 | INFO     | pdf_parser | Parsing resume: andre_dubois_resume.pdf
2026-08-24 11:39:32 | DEBUG    | pdf_parser | Parsed candidate: Andre Dubois | skills=5
2026-08-24 11:39:32 | INFO     | pdf_parser | Parsing resume: angela_rossi_resume.pdf
2026-08-24 11:39:32 | DEBUG    | pdf_parser | Parsed candidate: Angela Rossi | skills=6
2026-08-24 11:39:32 | INFO     | pdf_parser | Parsing resume: brian_sullivan_resume.pdf
2026-08-24 11:39:32 | DEBUG    | pdf_parser | Parsed candidate: Brian Sullivan | skills=6
2026-08-24 11:39:32 | INFO     | pdf_parser | Parsing resume: chloe_bennett_resume.pdf
2026-08-24 11:39:32 | DEBUG    | pdf_parser | Parsed candidate: Chloe Bennett | skills=7
2026-08-24 11:39:32 | INFO     | pdf_parser | Parsing resume: daniel_kowalski_resume.pdf
2026-08-24 11:39:32 | DEBUG    | pdf_parser | Parsed candidate: Daniel Kowalski | skills=6
2026-08-24 11:39:32 | INFO     | pdf_parser | Parsing resume: david_osei_resume.pdf
2026-08-24 11:39:32 | DEBUG    | pdf_parser | Parsed candidate: David Osei | skills=11
2026-08-24 11:39:32 | INFO     | pdf_parser | Parsing resume: emily_zhang_resume.pdf
2026-08-24 11:39:32 | DEBUG    | pdf_parser | Parsed candidate: Emily Zhang | skills=6
2026-08-24 11:39:32 | INFO     | pdf_parser | Parsing resume: G.Prakash.pdf
2026-08-24 11:39:33 | DEBUG    | pdf_parser | Parsed candidate: G Prakash | skills=28
2026-08-24 11:39:33 | INFO     | pdf_parser | Parsing resume: grace_kim_resume.pdf
2026-08-24 11:39:33 | DEBUG    | pdf_parser | Parsed candidate: Grace Kim | skills=6
2026-08-24 11:39:33 | INFO     | pdf_parser | Parsing resume: hannah_fischer_resume.pdf
2026-08-24 11:39:33 | DEBUG    | pdf_parser | Parsed candidate: Hannah Fischer | skills=5
2026-08-24 11:39:33 | INFO     | pdf_parser | Parsing resume: isabella_moreno_resume.pdf
2026-08-24 11:39:33 | DEBUG    | pdf_parser | Parsed candidate: Isabella Moreno | skills=5
2026-08-24 11:39:33 | INFO     | pdf_parser | Parsing resume: james_obrien_resume.pdf
2026-08-24 11:39:33 | DEBUG    | pdf_parser | Parsed candidate: Marketing Manager | skills=7
2026-08-24 11:39:33 | INFO     | pdf_parser | Parsing resume: kevin_walsh_resume.pdf
2026-08-24 11:39:34 | DEBUG    | pdf_parser | Parsed candidate: Kevin Walsh | skills=5
2026-08-24 11:39:34 | INFO     | pdf_parser | Parsing resume: latoya_freeman_resume.pdf
2026-08-24 11:39:34 | DEBUG    | pdf_parser | Parsed candidate: Latoya Freeman | skills=6
2026-08-24 11:39:34 | INFO     | pdf_parser | Parsing resume: marcus_thompson_resume.pdf
2026-08-24 11:39:34 | DEBUG    | pdf_parser | Parsed candidate: Marcus Thompson | skills=5
2026-08-24 11:39:34 | INFO     | pdf_parser | Parsing resume: maria_chen_resume.pdf
2026-08-24 11:39:34 | DEBUG    | pdf_parser | Parsed candidate: Maria Chen | skills=11
2026-08-24 11:39:34 | INFO     | pdf_parser | Parsing resume: nadia_petrov_resume.pdf
2026-08-24 11:39:34 | DEBUG    | pdf_parser | Parsed candidate: Nadia Petrov | skills=6
2026-08-24 11:39:34 | INFO     | pdf_parser | Parsing resume: Nagaveni res.pdf
2026-08-24 11:39:34 | DEBUG    | pdf_parser | Parsed candidate: Ambabathina Nagaveni | skills=23
2026-08-24 11:39:34 | INFO     | pdf_parser | Parsing resume: Pradeepres7.pdf
2026-08-24 11:39:35 | DEBUG    | pdf_parser | Parsed candidate: Amminiboyina Siva Pradeep Kumar | skills=55
2026-08-24 11:39:35 | INFO     | pdf_parser | Parsing resume: priya_nair_resume.pdf
2026-08-24 11:39:35 | DEBUG    | pdf_parser | Parsed candidate: Priya Nair | skills=7
2026-08-24 11:39:35 | INFO     | pdf_parser | Parsing resume: resume 11.pdf
2026-08-24 11:39:38 | WARNING  | gui | Failed to extract data from 'resume 11.pdf'. Reason: No selectable text found (the PDF may be a scanned image).
2026-08-24 11:39:38 | INFO     | pdf_parser | Parsing resume: robert_ellison_resume.pdf
2026-08-24 11:39:39 | DEBUG    | pdf_parser | Parsed candidate: Robert Ellison | skills=6
2026-08-24 11:39:39 | INFO     | pdf_parser | Parsing resume: samuel_okafor_resume.pdf
2026-08-24 11:39:39 | DEBUG    | pdf_parser | Parsed candidate: Samuel Okafor | skills=8
2026-08-24 11:39:39 | INFO     | pdf_parser | Parsing resume: Satuluri_Srikanth_Resume_Updated.pdf
2026-08-24 11:39:39 | DEBUG    | pdf_parser | Parsed candidate: Satuluri Srikanth | skills=28
2026-08-24 11:39:39 | INFO     | pdf_parser | Parsing resume: sofia_alvarez_resume.pdf
2026-08-24 11:39:39 | DEBUG    | pdf_parser | Parsed candidate: Sofia Alvarez | skills=5
2026-08-24 11:39:39 | INFO     | pdf_parser | Parsing resume: tomas_reyes_resume.pdf
2026-08-24 11:39:39 | DEBUG    | pdf_parser | Parsed candidate: Tomas Reyes | skills=5
2026-08-24 11:39:55 | INFO     | analyzer | Analyzed 36 candidates for role 'Data Analyst'
2026-08-24 11:40:21 | INFO     | analyzer | Analyzed 36 candidates for role 'Java Developer'
2026-08-24 11:41:03 | INFO     | Main | TalentScout closed.
2026-08-24 12:56:12 | INFO     | Main | Starting TalentScout application...
2026-08-24 12:56:25 | INFO     | pdf_parser | Parsing resume: 01_Aarav_Mehta_Python_Developer.pdf
2026-08-24 12:56:25 | DEBUG    | pdf_parser | Parsed candidate: Aarav Mehta | skills=10
2026-08-24 12:56:25 | INFO     | pdf_parser | Parsing resume: 02_Priya_Sharma_Full_Stack_Developer.pdf
2026-08-24 12:56:25 | DEBUG    | pdf_parser | Parsed candidate: Priya Sharma | skills=12
2026-08-24 12:56:25 | INFO     | pdf_parser | Parsing resume: 03_Rohan_Kumar_Data_Analyst.pdf
2026-08-24 12:56:25 | DEBUG    | pdf_parser | Parsed candidate: Rohan Kumar | skills=9
2026-08-24 12:56:25 | INFO     | pdf_parser | Parsing resume: 04_Neha_Reddy_Data_Scientist.pdf
2026-08-24 12:56:25 | DEBUG    | pdf_parser | Parsed candidate: Neha Reddy | skills=10
2026-08-24 12:56:25 | INFO     | pdf_parser | Parsing resume: 05_Arjun_Varma_DevOps_Engineer.pdf
2026-08-24 12:56:25 | DEBUG    | pdf_parser | Parsed candidate: Arjun Varma | skills=15
2026-08-24 12:56:25 | INFO     | pdf_parser | Parsing resume: 06_Sneha_Iyer_Cloud_Engineer.pdf
2026-08-24 12:56:25 | DEBUG    | pdf_parser | Parsed candidate: Sneha Iyer | skills=11
2026-08-24 12:56:25 | INFO     | pdf_parser | Parsing resume: 07_Vikram_Singh_QA_Engineer.pdf
2026-08-24 12:56:25 | DEBUG    | pdf_parser | Parsed candidate: Vikram Singh | skills=10
2026-08-24 12:56:25 | INFO     | pdf_parser | Parsing resume: 08_Kavya_Nair_Cybersecurity_Analyst.pdf
2026-08-24 12:56:25 | DEBUG    | pdf_parser | Parsed candidate: Kavya Nair | skills=9
2026-08-24 12:56:25 | INFO     | pdf_parser | Parsing resume: 09_Aditya_Rao_Java_Developer.pdf
2026-08-24 12:56:25 | DEBUG    | pdf_parser | Parsed candidate: Aditya Rao | skills=11
2026-08-24 12:56:25 | INFO     | pdf_parser | Parsing resume: 10_Ananya_Gupta_ML_Engineer.pdf
2026-08-24 12:56:25 | DEBUG    | pdf_parser | Parsed candidate: Ananya Gupta | skills=12
2026-08-24 12:56:25 | INFO     | pdf_parser | Parsing resume: Achyuth_Reddy_Resume1.pdf
2026-08-24 12:56:26 | DEBUG    | pdf_parser | Parsed candidate: Pothula Achyuth Amathya Reddy | skills=33
2026-08-24 12:56:26 | INFO     | pdf_parser | Parsing resume: andre_dubois_resume.pdf
2026-08-24 12:56:26 | DEBUG    | pdf_parser | Parsed candidate: Andre Dubois | skills=5
2026-08-24 12:56:26 | INFO     | pdf_parser | Parsing resume: angela_rossi_resume.pdf
2026-08-24 12:56:26 | DEBUG    | pdf_parser | Parsed candidate: Angela Rossi | skills=6
2026-08-24 12:56:26 | INFO     | pdf_parser | Parsing resume: brian_sullivan_resume.pdf
2026-08-24 12:56:26 | DEBUG    | pdf_parser | Parsed candidate: Brian Sullivan | skills=6
2026-08-24 12:56:26 | INFO     | pdf_parser | Parsing resume: chloe_bennett_resume.pdf
2026-08-24 12:56:26 | DEBUG    | pdf_parser | Parsed candidate: Chloe Bennett | skills=7
2026-08-24 12:56:26 | INFO     | pdf_parser | Parsing resume: daniel_kowalski_resume.pdf
2026-08-24 12:56:26 | DEBUG    | pdf_parser | Parsed candidate: Daniel Kowalski | skills=6
2026-08-24 12:56:26 | INFO     | pdf_parser | Parsing resume: david_osei_resume.pdf
2026-08-24 12:56:26 | DEBUG    | pdf_parser | Parsed candidate: David Osei | skills=11
2026-08-24 12:56:26 | INFO     | pdf_parser | Parsing resume: emily_zhang_resume.pdf
2026-08-24 12:56:26 | DEBUG    | pdf_parser | Parsed candidate: Emily Zhang | skills=6
2026-08-24 12:56:26 | INFO     | pdf_parser | Parsing resume: G.Prakash.pdf
2026-08-24 12:56:27 | DEBUG    | pdf_parser | Parsed candidate: G Prakash | skills=28
2026-08-24 12:56:27 | INFO     | pdf_parser | Parsing resume: grace_kim_resume.pdf
2026-08-24 12:56:27 | DEBUG    | pdf_parser | Parsed candidate: Grace Kim | skills=6
2026-08-24 12:56:27 | INFO     | pdf_parser | Parsing resume: hannah_fischer_resume.pdf
2026-08-24 12:56:27 | DEBUG    | pdf_parser | Parsed candidate: Hannah Fischer | skills=5
2026-08-24 12:56:27 | INFO     | pdf_parser | Parsing resume: isabella_moreno_resume.pdf
2026-08-24 12:56:27 | DEBUG    | pdf_parser | Parsed candidate: Isabella Moreno | skills=5
2026-08-24 12:56:27 | INFO     | pdf_parser | Parsing resume: james_obrien_resume.pdf
2026-08-24 12:56:27 | DEBUG    | pdf_parser | Parsed candidate: Marketing Manager | skills=7
2026-08-24 12:56:27 | INFO     | pdf_parser | Parsing resume: kevin_walsh_resume.pdf
2026-08-24 12:56:27 | DEBUG    | pdf_parser | Parsed candidate: Kevin Walsh | skills=5
2026-08-24 12:56:27 | INFO     | pdf_parser | Parsing resume: latoya_freeman_resume.pdf
2026-08-24 12:56:27 | DEBUG    | pdf_parser | Parsed candidate: Latoya Freeman | skills=6
2026-08-24 12:56:27 | INFO     | pdf_parser | Parsing resume: marcus_thompson_resume.pdf
2026-08-24 12:56:27 | DEBUG    | pdf_parser | Parsed candidate: Marcus Thompson | skills=5
2026-08-24 12:56:27 | INFO     | pdf_parser | Parsing resume: maria_chen_resume.pdf
2026-08-24 12:56:28 | DEBUG    | pdf_parser | Parsed candidate: Maria Chen | skills=11
2026-08-24 12:56:28 | INFO     | pdf_parser | Parsing resume: nadia_petrov_resume.pdf
2026-08-24 12:56:28 | DEBUG    | pdf_parser | Parsed candidate: Nadia Petrov | skills=6
2026-08-24 12:56:28 | INFO     | pdf_parser | Parsing resume: Nagaveni res.pdf
2026-08-24 12:56:28 | DEBUG    | pdf_parser | Parsed candidate: Ambabathina Nagaveni | skills=23
2026-08-24 12:56:28 | INFO     | pdf_parser | Parsing resume: Pradeepres7.pdf
2026-08-24 12:56:29 | DEBUG    | pdf_parser | Parsed candidate: Amminiboyina Siva Pradeep Kumar | skills=55
2026-08-24 12:56:29 | INFO     | pdf_parser | Parsing resume: priya_nair_resume.pdf
2026-08-24 12:56:29 | DEBUG    | pdf_parser | Parsed candidate: Priya Nair | skills=7
2026-08-24 12:56:29 | INFO     | pdf_parser | Parsing resume: resume 11.pdf
2026-08-24 12:56:34 | WARNING  | gui | Failed to extract data from 'resume 11.pdf'. Reason: No selectable text found (the PDF may be a scanned image).
2026-08-24 12:56:34 | INFO     | pdf_parser | Parsing resume: robert_ellison_resume.pdf
2026-08-24 12:56:34 | DEBUG    | pdf_parser | Parsed candidate: Robert Ellison | skills=6
2026-08-24 12:56:34 | INFO     | pdf_parser | Parsing resume: samuel_okafor_resume.pdf
2026-08-24 12:56:34 | DEBUG    | pdf_parser | Parsed candidate: Samuel Okafor | skills=8
2026-08-24 12:56:34 | INFO     | pdf_parser | Parsing resume: Satuluri_Srikanth_Resume_Updated.pdf
2026-08-24 12:56:35 | DEBUG    | pdf_parser | Parsed candidate: Satuluri Srikanth | skills=28
2026-08-24 12:56:35 | INFO     | pdf_parser | Parsing resume: sofia_alvarez_resume.pdf
2026-08-24 12:56:35 | DEBUG    | pdf_parser | Parsed candidate: Sofia Alvarez | skills=5
2026-08-24 12:56:35 | INFO     | pdf_parser | Parsing resume: tomas_reyes_resume.pdf
2026-08-24 12:56:35 | DEBUG    | pdf_parser | Parsed candidate: Tomas Reyes | skills=5
2026-08-24 12:56:57 | INFO     | analyzer | Analyzed 36 candidates for role 'react developer'
2026-08-24 12:57:17 | INFO     | analyzer | Role 'react' fuzzy-matched to 'react developer'
2026-08-24 12:57:17 | INFO     | analyzer | Analyzed 36 candidates for role 'react'
2026-08-24 12:57:30 | INFO     | analyzer | Analyzed 36 candidates for role 'data analyst'
2026-08-24 13:17:12 | INFO     | analyzer | Analyzed 36 candidates for role 'data analyst'
2026-08-24 13:19:54 | INFO     | analyzer | Analyzed 36 candidates for role 'data analyst'
2026-08-24 13:20:31 | INFO     | Main | TalentScout closed.
2026-08-24 13:20:47 | INFO     | Main | Starting TalentScout application...
2026-08-24 13:20:49 | INFO     | Main | TalentScout closed.
2026-08-24 13:20:58 | INFO     | Main | Starting TalentScout application...
2026-08-24 13:21:14 | INFO     | pdf_parser | Parsing resume: 01_Aarav_Mehta_Python_Developer.pdf
2026-08-24 13:21:14 | DEBUG    | pdf_parser | Parsed candidate: Aarav Mehta | skills=10
2026-08-24 13:21:14 | INFO     | pdf_parser | Parsing resume: 02_Priya_Sharma_Full_Stack_Developer.pdf
2026-08-24 13:21:14 | DEBUG    | pdf_parser | Parsed candidate: Priya Sharma | skills=12
2026-08-24 13:21:14 | INFO     | pdf_parser | Parsing resume: 03_Rohan_Kumar_Data_Analyst.pdf
2026-08-24 13:21:14 | DEBUG    | pdf_parser | Parsed candidate: Rohan Kumar | skills=9
2026-08-24 13:21:14 | INFO     | pdf_parser | Parsing resume: 04_Neha_Reddy_Data_Scientist.pdf
2026-08-24 13:21:14 | DEBUG    | pdf_parser | Parsed candidate: Neha Reddy | skills=10
2026-08-24 13:21:14 | INFO     | pdf_parser | Parsing resume: 05_Arjun_Varma_DevOps_Engineer.pdf
2026-08-24 13:21:14 | DEBUG    | pdf_parser | Parsed candidate: Arjun Varma | skills=15
2026-08-24 13:21:14 | INFO     | pdf_parser | Parsing resume: 06_Sneha_Iyer_Cloud_Engineer.pdf
2026-08-24 13:21:14 | DEBUG    | pdf_parser | Parsed candidate: Sneha Iyer | skills=11
2026-08-24 13:21:14 | INFO     | pdf_parser | Parsing resume: 07_Vikram_Singh_QA_Engineer.pdf
2026-08-24 13:21:14 | DEBUG    | pdf_parser | Parsed candidate: Vikram Singh | skills=10
2026-08-24 13:21:14 | INFO     | pdf_parser | Parsing resume: 08_Kavya_Nair_Cybersecurity_Analyst.pdf
2026-08-24 13:21:15 | DEBUG    | pdf_parser | Parsed candidate: Kavya Nair | skills=9
2026-08-24 13:21:15 | INFO     | pdf_parser | Parsing resume: 09_Aditya_Rao_Java_Developer.pdf
2026-08-24 13:21:15 | DEBUG    | pdf_parser | Parsed candidate: Aditya Rao | skills=11
2026-08-24 13:21:15 | INFO     | pdf_parser | Parsing resume: 10_Ananya_Gupta_ML_Engineer.pdf
2026-08-24 13:21:15 | DEBUG    | pdf_parser | Parsed candidate: Ananya Gupta | skills=12
2026-08-24 13:21:15 | INFO     | pdf_parser | Parsing resume: Achyuth_Reddy_Resume1.pdf
2026-08-24 13:21:15 | DEBUG    | pdf_parser | Parsed candidate: Pothula Achyuth Amathya Reddy | skills=33
2026-08-24 13:21:15 | INFO     | pdf_parser | Parsing resume: andre_dubois_resume.pdf
2026-08-24 13:21:15 | DEBUG    | pdf_parser | Parsed candidate: Andre Dubois | skills=5
2026-08-24 13:21:15 | INFO     | pdf_parser | Parsing resume: angela_rossi_resume.pdf
2026-08-24 13:21:15 | DEBUG    | pdf_parser | Parsed candidate: Angela Rossi | skills=6
2026-08-24 13:21:15 | INFO     | pdf_parser | Parsing resume: brian_sullivan_resume.pdf
2026-08-24 13:21:15 | DEBUG    | pdf_parser | Parsed candidate: Brian Sullivan | skills=6
2026-08-24 13:21:15 | INFO     | pdf_parser | Parsing resume: chloe_bennett_resume.pdf
2026-08-24 13:21:16 | DEBUG    | pdf_parser | Parsed candidate: Chloe Bennett | skills=7
2026-08-24 13:21:16 | INFO     | pdf_parser | Parsing resume: daniel_kowalski_resume.pdf
2026-08-24 13:21:16 | DEBUG    | pdf_parser | Parsed candidate: Daniel Kowalski | skills=6
2026-08-24 13:21:16 | INFO     | pdf_parser | Parsing resume: david_osei_resume.pdf
2026-08-24 13:21:16 | DEBUG    | pdf_parser | Parsed candidate: David Osei | skills=11
2026-08-24 13:21:16 | INFO     | pdf_parser | Parsing resume: emily_zhang_resume.pdf
2026-08-24 13:21:16 | DEBUG    | pdf_parser | Parsed candidate: Emily Zhang | skills=6
2026-08-24 13:21:16 | INFO     | pdf_parser | Parsing resume: G.Prakash.pdf
2026-08-24 13:21:16 | DEBUG    | pdf_parser | Parsed candidate: G Prakash | skills=28
2026-08-24 13:21:16 | INFO     | pdf_parser | Parsing resume: grace_kim_resume.pdf
2026-08-24 13:21:16 | DEBUG    | pdf_parser | Parsed candidate: Grace Kim | skills=6
2026-08-24 13:21:16 | INFO     | pdf_parser | Parsing resume: hannah_fischer_resume.pdf
2026-08-24 13:21:16 | DEBUG    | pdf_parser | Parsed candidate: Hannah Fischer | skills=5
2026-08-24 13:21:16 | INFO     | pdf_parser | Parsing resume: isabella_moreno_resume.pdf
2026-08-24 13:21:17 | DEBUG    | pdf_parser | Parsed candidate: Isabella Moreno | skills=5
2026-08-24 13:21:17 | INFO     | pdf_parser | Parsing resume: james_obrien_resume.pdf
2026-08-24 13:21:17 | DEBUG    | pdf_parser | Parsed candidate: Marketing Manager | skills=7
2026-08-24 13:21:17 | INFO     | pdf_parser | Parsing resume: kevin_walsh_resume.pdf
2026-08-24 13:21:17 | DEBUG    | pdf_parser | Parsed candidate: Kevin Walsh | skills=5
2026-08-24 13:21:17 | INFO     | pdf_parser | Parsing resume: latoya_freeman_resume.pdf
2026-08-24 13:21:17 | DEBUG    | pdf_parser | Parsed candidate: Latoya Freeman | skills=6
2026-08-24 13:21:17 | INFO     | pdf_parser | Parsing resume: marcus_thompson_resume.pdf
2026-08-24 13:21:17 | DEBUG    | pdf_parser | Parsed candidate: Marcus Thompson | skills=5
2026-08-24 13:21:17 | INFO     | pdf_parser | Parsing resume: maria_chen_resume.pdf
2026-08-24 13:21:17 | DEBUG    | pdf_parser | Parsed candidate: Maria Chen | skills=11
2026-08-24 13:21:17 | INFO     | pdf_parser | Parsing resume: nadia_petrov_resume.pdf
2026-08-24 13:21:17 | DEBUG    | pdf_parser | Parsed candidate: Nadia Petrov | skills=6
2026-08-24 13:21:17 | INFO     | pdf_parser | Parsing resume: Nagaveni res.pdf
2026-08-24 13:21:18 | DEBUG    | pdf_parser | Parsed candidate: Ambabathina Nagaveni | skills=23
2026-08-24 13:21:18 | INFO     | pdf_parser | Parsing resume: Pradeepres7.pdf
2026-08-24 13:21:19 | DEBUG    | pdf_parser | Parsed candidate: Amminiboyina Siva Pradeep Kumar | skills=55
2026-08-24 13:21:19 | INFO     | pdf_parser | Parsing resume: priya_nair_resume.pdf
2026-08-24 13:21:19 | DEBUG    | pdf_parser | Parsed candidate: Priya Nair | skills=7
2026-08-24 13:21:19 | INFO     | pdf_parser | Parsing resume: resume 11.pdf
2026-08-24 13:21:24 | WARNING  | gui | Failed to extract data from 'resume 11.pdf'. Reason: No selectable text found (the PDF may be a scanned image).
2026-08-24 13:21:24 | INFO     | pdf_parser | Parsing resume: robert_ellison_resume.pdf
2026-08-24 13:21:24 | DEBUG    | pdf_parser | Parsed candidate: Robert Ellison | skills=6
2026-08-24 13:21:24 | INFO     | pdf_parser | Parsing resume: samuel_okafor_resume.pdf
2026-08-24 13:21:24 | DEBUG    | pdf_parser | Parsed candidate: Samuel Okafor | skills=8
2026-08-24 13:21:24 | INFO     | pdf_parser | Parsing resume: Satuluri_Srikanth_Resume_Updated.pdf
2026-08-24 13:21:25 | DEBUG    | pdf_parser | Parsed candidate: Satuluri Srikanth | skills=28
2026-08-24 13:21:25 | INFO     | pdf_parser | Parsing resume: sofia_alvarez_resume.pdf
2026-08-24 13:21:25 | DEBUG    | pdf_parser | Parsed candidate: Sofia Alvarez | skills=5
2026-08-24 13:21:25 | INFO     | pdf_parser | Parsing resume: tomas_reyes_resume.pdf
2026-08-24 13:21:25 | DEBUG    | pdf_parser | Parsed candidate: Tomas Reyes | skills=5
2026-08-24 13:21:48 | INFO     | pdf_parser | Parsing resume: 01_Aarav_Mehta_Python_Developer.pdf
2026-08-24 13:21:48 | DEBUG    | pdf_parser | Parsed candidate: Aarav Mehta | skills=10
2026-08-24 13:21:48 | INFO     | pdf_parser | Parsing resume: 02_Priya_Sharma_Full_Stack_Developer.pdf
2026-08-24 13:21:48 | DEBUG    | pdf_parser | Parsed candidate: Priya Sharma | skills=12
2026-08-24 13:24:31 | INFO     | pdf_parser | Parsing resume: 01_Aarav_Mehta_Python_Developer.pdf
2026-08-24 13:24:31 | DEBUG    | pdf_parser | Parsed candidate: Aarav Mehta | skills=10
2026-08-24 13:24:31 | INFO     | pdf_parser | Parsing resume: 02_Priya_Sharma_Full_Stack_Developer.pdf
2026-08-24 13:24:31 | DEBUG    | pdf_parser | Parsed candidate: Priya Sharma | skills=12
2026-08-24 13:24:31 | INFO     | pdf_parser | Parsing resume: 03_Rohan_Kumar_Data_Analyst.pdf
2026-08-24 13:24:31 | DEBUG    | pdf_parser | Parsed candidate: Rohan Kumar | skills=9
2026-08-24 13:24:31 | INFO     | pdf_parser | Parsing resume: 04_Neha_Reddy_Data_Scientist.pdf
2026-08-24 13:24:31 | DEBUG    | pdf_parser | Parsed candidate: Neha Reddy | skills=10
2026-08-24 13:24:31 | INFO     | pdf_parser | Parsing resume: 05_Arjun_Varma_DevOps_Engineer.pdf
2026-08-24 13:24:31 | DEBUG    | pdf_parser | Parsed candidate: Arjun Varma | skills=15
2026-08-24 13:24:31 | INFO     | pdf_parser | Parsing resume: 06_Sneha_Iyer_Cloud_Engineer.pdf
2026-08-24 13:24:31 | DEBUG    | pdf_parser | Parsed candidate: Sneha Iyer | skills=11
2026-08-24 13:24:31 | INFO     | pdf_parser | Parsing resume: 07_Vikram_Singh_QA_Engineer.pdf
2026-08-24 13:24:31 | DEBUG    | pdf_parser | Parsed candidate: Vikram Singh | skills=10
2026-08-24 13:24:31 | INFO     | pdf_parser | Parsing resume: 08_Kavya_Nair_Cybersecurity_Analyst.pdf
2026-08-24 13:24:31 | DEBUG    | pdf_parser | Parsed candidate: Kavya Nair | skills=9
2026-08-24 13:24:31 | INFO     | pdf_parser | Parsing resume: 09_Aditya_Rao_Java_Developer.pdf
2026-08-24 13:24:31 | DEBUG    | pdf_parser | Parsed candidate: Aditya Rao | skills=11
2026-08-24 13:24:31 | INFO     | pdf_parser | Parsing resume: 10_Ananya_Gupta_ML_Engineer.pdf
2026-08-24 13:24:31 | DEBUG    | pdf_parser | Parsed candidate: Ananya Gupta | skills=12
2026-08-24 13:24:31 | INFO     | pdf_parser | Parsing resume: Achyuth_Reddy_Resume1.pdf
2026-08-24 13:24:32 | DEBUG    | pdf_parser | Parsed candidate: Pothula Achyuth Amathya Reddy | skills=33
2026-08-24 13:24:32 | INFO     | pdf_parser | Parsing resume: andre_dubois_resume.pdf
2026-08-24 13:24:32 | DEBUG    | pdf_parser | Parsed candidate: Andre Dubois | skills=5
2026-08-24 13:24:32 | INFO     | pdf_parser | Parsing resume: angela_rossi_resume.pdf
2026-08-24 13:24:32 | DEBUG    | pdf_parser | Parsed candidate: Angela Rossi | skills=6
2026-08-24 13:24:32 | INFO     | pdf_parser | Parsing resume: brian_sullivan_resume.pdf
2026-08-24 13:24:32 | DEBUG    | pdf_parser | Parsed candidate: Brian Sullivan | skills=6
2026-08-24 13:24:32 | INFO     | pdf_parser | Parsing resume: chloe_bennett_resume.pdf
2026-08-24 13:24:32 | DEBUG    | pdf_parser | Parsed candidate: Chloe Bennett | skills=7
2026-08-24 13:24:32 | INFO     | pdf_parser | Parsing resume: daniel_kowalski_resume.pdf
2026-08-24 13:24:32 | DEBUG    | pdf_parser | Parsed candidate: Daniel Kowalski | skills=6
2026-08-24 13:24:32 | INFO     | pdf_parser | Parsing resume: david_osei_resume.pdf
2026-08-24 13:24:32 | DEBUG    | pdf_parser | Parsed candidate: David Osei | skills=11
2026-08-24 13:24:32 | INFO     | pdf_parser | Parsing resume: emily_zhang_resume.pdf
2026-08-24 13:24:32 | DEBUG    | pdf_parser | Parsed candidate: Emily Zhang | skills=6
2026-08-24 13:24:32 | INFO     | pdf_parser | Parsing resume: G.Prakash.pdf
2026-08-24 13:24:33 | DEBUG    | pdf_parser | Parsed candidate: G Prakash | skills=28
2026-08-24 13:24:33 | INFO     | pdf_parser | Parsing resume: grace_kim_resume.pdf
2026-08-24 13:24:33 | DEBUG    | pdf_parser | Parsed candidate: Grace Kim | skills=6
2026-08-24 13:24:33 | INFO     | pdf_parser | Parsing resume: hannah_fischer_resume.pdf
2026-08-24 13:24:33 | DEBUG    | pdf_parser | Parsed candidate: Hannah Fischer | skills=5
2026-08-24 13:24:33 | INFO     | pdf_parser | Parsing resume: isabella_moreno_resume.pdf
2026-08-24 13:24:33 | DEBUG    | pdf_parser | Parsed candidate: Isabella Moreno | skills=5
2026-08-24 13:24:33 | INFO     | pdf_parser | Parsing resume: james_obrien_resume.pdf
2026-08-24 13:24:33 | DEBUG    | pdf_parser | Parsed candidate: Marketing Manager | skills=7
2026-08-24 13:24:33 | INFO     | pdf_parser | Parsing resume: kevin_walsh_resume.pdf
2026-08-24 13:24:33 | DEBUG    | pdf_parser | Parsed candidate: Kevin Walsh | skills=5
2026-08-24 13:24:33 | INFO     | pdf_parser | Parsing resume: latoya_freeman_resume.pdf
2026-08-24 13:24:33 | DEBUG    | pdf_parser | Parsed candidate: Latoya Freeman | skills=6
2026-08-24 13:24:33 | INFO     | pdf_parser | Parsing resume: marcus_thompson_resume.pdf
2026-08-24 13:24:33 | DEBUG    | pdf_parser | Parsed candidate: Marcus Thompson | skills=5
2026-08-24 13:24:33 | INFO     | pdf_parser | Parsing resume: maria_chen_resume.pdf
2026-08-24 13:24:34 | DEBUG    | pdf_parser | Parsed candidate: Maria Chen | skills=11
2026-08-24 13:24:34 | INFO     | pdf_parser | Parsing resume: nadia_petrov_resume.pdf
2026-08-24 13:24:34 | DEBUG    | pdf_parser | Parsed candidate: Nadia Petrov | skills=6
2026-08-24 13:24:34 | INFO     | pdf_parser | Parsing resume: Nagaveni res.pdf
2026-08-24 13:24:34 | DEBUG    | pdf_parser | Parsed candidate: Ambabathina Nagaveni | skills=23
2026-08-24 13:24:34 | INFO     | pdf_parser | Parsing resume: Pradeepres7.pdf
2026-08-24 13:24:35 | DEBUG    | pdf_parser | Parsed candidate: Amminiboyina Siva Pradeep Kumar | skills=55
2026-08-24 13:24:35 | INFO     | pdf_parser | Parsing resume: priya_nair_resume.pdf
2026-08-24 13:24:35 | DEBUG    | pdf_parser | Parsed candidate: Priya Nair | skills=7
2026-08-24 13:24:35 | INFO     | pdf_parser | Parsing resume: resume 11.pdf
2026-08-24 13:24:40 | WARNING  | gui | Failed to extract data from 'resume 11.pdf'. Reason: No selectable text found (the PDF may be a scanned image).
2026-08-24 13:24:40 | INFO     | pdf_parser | Parsing resume: robert_ellison_resume.pdf
2026-08-24 13:24:41 | DEBUG    | pdf_parser | Parsed candidate: Robert Ellison | skills=6
2026-08-24 13:24:41 | INFO     | pdf_parser | Parsing resume: samuel_okafor_resume.pdf
2026-08-24 13:24:41 | DEBUG    | pdf_parser | Parsed candidate: Samuel Okafor | skills=8
2026-08-24 13:24:41 | INFO     | pdf_parser | Parsing resume: Satuluri_Srikanth_Resume_Updated.pdf
2026-08-24 13:24:41 | DEBUG    | pdf_parser | Parsed candidate: Satuluri Srikanth | skills=28
2026-08-24 13:24:41 | INFO     | pdf_parser | Parsing resume: sofia_alvarez_resume.pdf
2026-08-24 13:24:41 | DEBUG    | pdf_parser | Parsed candidate: Sofia Alvarez | skills=5
2026-08-24 13:24:41 | INFO     | pdf_parser | Parsing resume: tomas_reyes_resume.pdf
2026-08-24 13:24:41 | DEBUG    | pdf_parser | Parsed candidate: Tomas Reyes | skills=5
2026-08-24 13:25:03 | INFO     | analyzer | Analyzed 36 candidates for role 'data analyst'
2026-08-24 13:25:03 | INFO     | analyzer | Analyzed 36 candidates for role 'data analyst'
2026-08-24 13:26:29 | INFO     | Main | TalentScout closed.
2026-08-24 20:09:53 | INFO     | Main | Starting TalentScout application...
2026-08-24 20:10:30 | INFO     | pdf_parser | Parsing resume: 01_Aarav_Mehta_Python_Developer.pdf
2026-08-24 20:10:30 | DEBUG    | pdf_parser | Parsed candidate: Aarav Mehta | skills=10
2026-08-24 20:10:30 | INFO     | pdf_parser | Parsing resume: 02_Priya_Sharma_Full_Stack_Developer.pdf
2026-08-24 20:10:31 | DEBUG    | pdf_parser | Parsed candidate: Priya Sharma | skills=12
2026-08-24 20:10:31 | INFO     | pdf_parser | Parsing resume: 03_Rohan_Kumar_Data_Analyst.pdf
2026-08-24 20:10:31 | DEBUG    | pdf_parser | Parsed candidate: Rohan Kumar | skills=9
2026-08-24 20:10:31 | INFO     | pdf_parser | Parsing resume: 04_Neha_Reddy_Data_Scientist.pdf
2026-08-24 20:10:31 | DEBUG    | pdf_parser | Parsed candidate: Neha Reddy | skills=10
2026-08-24 20:10:31 | INFO     | pdf_parser | Parsing resume: 05_Arjun_Varma_DevOps_Engineer.pdf
2026-08-24 20:10:31 | DEBUG    | pdf_parser | Parsed candidate: Arjun Varma | skills=15
2026-08-24 20:10:31 | INFO     | pdf_parser | Parsing resume: 06_Sneha_Iyer_Cloud_Engineer.pdf
2026-08-24 20:10:31 | DEBUG    | pdf_parser | Parsed candidate: Sneha Iyer | skills=11
2026-08-24 20:11:05 | INFO     | analyzer | Role 'dajango developer' fuzzy-matched to 'python developer'
2026-08-24 20:11:05 | INFO     | analyzer | Analyzed 6 candidates for role 'dajango developer'
2026-08-24 20:16:43 | INFO     | Main | TalentScout closed.
2026-08-29 15:01:42 | INFO     | Main | Starting TalentScout application...
2026-08-29 15:01:57 | INFO     | pdf_parser | Parsing resume: 01_Aarav_Mehta_Python_Developer.pdf
2026-08-29 15:01:57 | DEBUG    | pdf_parser | Parsed candidate: Aarav Mehta | skills=10
2026-08-29 15:01:57 | INFO     | pdf_parser | Parsing resume: 02_Priya_Sharma_Full_Stack_Developer.pdf
2026-08-29 15:01:57 | DEBUG    | pdf_parser | Parsed candidate: Priya Sharma | skills=12
2026-08-29 15:01:57 | INFO     | pdf_parser | Parsing resume: 03_Rohan_Kumar_Data_Analyst.pdf
2026-08-29 15:01:57 | DEBUG    | pdf_parser | Parsed candidate: Rohan Kumar | skills=9
2026-08-29 15:01:57 | INFO     | pdf_parser | Parsing resume: 04_Neha_Reddy_Data_Scientist.pdf
2026-08-29 15:01:57 | DEBUG    | pdf_parser | Parsed candidate: Neha Reddy | skills=10
2026-08-29 15:01:57 | INFO     | pdf_parser | Parsing resume: 05_Arjun_Varma_DevOps_Engineer.pdf
2026-08-29 15:01:58 | DEBUG    | pdf_parser | Parsed candidate: Arjun Varma | skills=15
2026-08-29 15:01:58 | INFO     | pdf_parser | Parsing resume: 06_Sneha_Iyer_Cloud_Engineer.pdf
2026-08-29 15:01:58 | DEBUG    | pdf_parser | Parsed candidate: Sneha Iyer | skills=11
2026-08-29 15:01:58 | INFO     | pdf_parser | Parsing resume: 07_Vikram_Singh_QA_Engineer.pdf
2026-08-29 15:01:58 | DEBUG    | pdf_parser | Parsed candidate: Vikram Singh | skills=10
2026-08-29 15:01:58 | INFO     | pdf_parser | Parsing resume: 08_Kavya_Nair_Cybersecurity_Analyst.pdf
2026-08-29 15:01:58 | DEBUG    | pdf_parser | Parsed candidate: Kavya Nair | skills=9
2026-08-29 15:01:58 | INFO     | pdf_parser | Parsing resume: 09_Aditya_Rao_Java_Developer.pdf
2026-08-29 15:01:58 | DEBUG    | pdf_parser | Parsed candidate: Aditya Rao | skills=11
2026-08-29 15:01:58 | INFO     | pdf_parser | Parsing resume: 10_Ananya_Gupta_ML_Engineer.pdf
2026-08-29 15:01:58 | DEBUG    | pdf_parser | Parsed candidate: Ananya Gupta | skills=12
2026-08-29 15:01:58 | INFO     | pdf_parser | Parsing resume: Achyuth_Reddy_Resume1.pdf
2026-08-29 15:01:58 | DEBUG    | pdf_parser | Parsed candidate: Pothula Achyuth Amathya Reddy | skills=33
2026-08-29 15:01:58 | INFO     | pdf_parser | Parsing resume: andre_dubois_resume.pdf
2026-08-29 15:01:58 | DEBUG    | pdf_parser | Parsed candidate: Andre Dubois | skills=5
2026-08-29 15:01:58 | INFO     | pdf_parser | Parsing resume: angela_rossi_resume.pdf
2026-08-29 15:01:58 | DEBUG    | pdf_parser | Parsed candidate: Angela Rossi | skills=6
2026-08-29 15:01:58 | INFO     | pdf_parser | Parsing resume: brian_sullivan_resume.pdf
2026-08-29 15:01:58 | DEBUG    | pdf_parser | Parsed candidate: Brian Sullivan | skills=6
2026-08-29 15:01:58 | INFO     | pdf_parser | Parsing resume: chloe_bennett_resume.pdf
2026-08-29 15:01:58 | DEBUG    | pdf_parser | Parsed candidate: Chloe Bennett | skills=7
2026-08-29 15:01:58 | INFO     | pdf_parser | Parsing resume: daniel_kowalski_resume.pdf
2026-08-29 15:01:58 | DEBUG    | pdf_parser | Parsed candidate: Daniel Kowalski | skills=6
2026-08-29 15:01:58 | INFO     | pdf_parser | Parsing resume: david_osei_resume.pdf
2026-08-29 15:01:58 | DEBUG    | pdf_parser | Parsed candidate: David Osei | skills=11
2026-08-29 15:01:58 | INFO     | pdf_parser | Parsing resume: emily_zhang_resume.pdf
2026-08-29 15:01:59 | DEBUG    | pdf_parser | Parsed candidate: Emily Zhang | skills=6
2026-08-29 15:01:59 | INFO     | pdf_parser | Parsing resume: G.Prakash.pdf
2026-08-29 15:01:59 | DEBUG    | pdf_parser | Parsed candidate: G Prakash | skills=28
2026-08-29 15:01:59 | INFO     | pdf_parser | Parsing resume: grace_kim_resume.pdf
2026-08-29 15:01:59 | DEBUG    | pdf_parser | Parsed candidate: Grace Kim | skills=6
2026-08-29 15:01:59 | INFO     | pdf_parser | Parsing resume: hannah_fischer_resume.pdf
2026-08-29 15:01:59 | DEBUG    | pdf_parser | Parsed candidate: Hannah Fischer | skills=5
2026-08-29 15:01:59 | INFO     | pdf_parser | Parsing resume: isabella_moreno_resume.pdf
2026-08-29 15:01:59 | DEBUG    | pdf_parser | Parsed candidate: Isabella Moreno | skills=5
2026-08-29 15:01:59 | INFO     | pdf_parser | Parsing resume: james_obrien_resume.pdf
2026-08-29 15:01:59 | DEBUG    | pdf_parser | Parsed candidate: Marketing Manager | skills=7
2026-08-29 15:01:59 | INFO     | pdf_parser | Parsing resume: kevin_walsh_resume.pdf
2026-08-29 15:01:59 | DEBUG    | pdf_parser | Parsed candidate: Kevin Walsh | skills=5
2026-08-29 15:01:59 | INFO     | pdf_parser | Parsing resume: latoya_freeman_resume.pdf
2026-08-29 15:01:59 | DEBUG    | pdf_parser | Parsed candidate: Latoya Freeman | skills=6
2026-08-29 15:01:59 | INFO     | pdf_parser | Parsing resume: marcus_thompson_resume.pdf
2026-08-29 15:01:59 | DEBUG    | pdf_parser | Parsed candidate: Marcus Thompson | skills=5
2026-08-29 15:01:59 | INFO     | pdf_parser | Parsing resume: maria_chen_resume.pdf
2026-08-29 15:01:59 | DEBUG    | pdf_parser | Parsed candidate: Maria Chen | skills=11
2026-08-29 15:02:00 | INFO     | pdf_parser | Parsing resume: nadia_petrov_resume.pdf
2026-08-29 15:02:00 | DEBUG    | pdf_parser | Parsed candidate: Nadia Petrov | skills=6
2026-08-29 15:02:00 | INFO     | pdf_parser | Parsing resume: Nagaveni res.pdf
2026-08-29 15:02:00 | DEBUG    | pdf_parser | Parsed candidate: Ambabathina Nagaveni | skills=23
2026-08-29 15:02:00 | INFO     | pdf_parser | Parsing resume: Pradeepres7.pdf
2026-08-29 15:02:01 | DEBUG    | pdf_parser | Parsed candidate: Amminiboyina Siva Pradeep Kumar | skills=55
2026-08-29 15:02:01 | INFO     | pdf_parser | Parsing resume: priya_nair_resume.pdf
2026-08-29 15:02:01 | DEBUG    | pdf_parser | Parsed candidate: Priya Nair | skills=7
2026-08-29 15:02:01 | INFO     | pdf_parser | Parsing resume: resume 11.pdf
2026-08-29 15:02:05 | WARNING  | gui | Failed to extract data from 'resume 11.pdf'. Reason: No selectable text found (the PDF may be a scanned image).
2026-08-29 15:02:05 | INFO     | pdf_parser | Parsing resume: robert_ellison_resume.pdf
2026-08-29 15:02:05 | DEBUG    | pdf_parser | Parsed candidate: Robert Ellison | skills=6
2026-08-29 15:02:05 | INFO     | pdf_parser | Parsing resume: samuel_okafor_resume.pdf
2026-08-29 15:02:05 | DEBUG    | pdf_parser | Parsed candidate: Samuel Okafor | skills=8
2026-08-29 15:02:05 | INFO     | pdf_parser | Parsing resume: Satuluri_Srikanth_Resume_Updated.pdf
2026-08-29 15:02:05 | DEBUG    | pdf_parser | Parsed candidate: Satuluri Srikanth | skills=28
2026-08-29 15:02:05 | INFO     | pdf_parser | Parsing resume: sofia_alvarez_resume.pdf
2026-08-29 15:02:05 | DEBUG    | pdf_parser | Parsed candidate: Sofia Alvarez | skills=5
2026-08-29 15:02:05 | INFO     | pdf_parser | Parsing resume: tomas_reyes_resume.pdf
2026-08-29 15:02:06 | DEBUG    | pdf_parser | Parsed candidate: Tomas Reyes | skills=5
2026-08-29 15:02:19 | INFO     | analyzer | Analyzed 36 candidates for role 'Data Analyst'
2026-08-29 15:13:57 | INFO     | Main | TalentScout closed.
2026-08-29 19:30:42 | INFO     | pdf_parser | Parsing resume: 01_Aarav_Mehta_Python_Developer.pdf
2026-08-29 19:30:42 | DEBUG    | pdf_parser | Parsed candidate: Aarav Mehta | skills=10
2026-08-29 19:30:42 | INFO     | pdf_parser | Parsing resume: 02_Priya_Sharma_Full_Stack_Developer.pdf
2026-08-29 19:30:42 | DEBUG    | pdf_parser | Parsed candidate: Priya Sharma | skills=12
2026-08-29 19:30:42 | INFO     | pdf_parser | Parsing resume: 03_Rohan_Kumar_Data_Analyst.pdf
2026-08-29 19:30:42 | DEBUG    | pdf_parser | Parsed candidate: Rohan Kumar | skills=9
2026-08-29 19:30:42 | INFO     | pdf_parser | Parsing resume: 04_Neha_Reddy_Data_Scientist.pdf
2026-08-29 19:30:43 | DEBUG    | pdf_parser | Parsed candidate: Neha Reddy | skills=10
2026-08-29 19:30:43 | INFO     | pdf_parser | Parsing resume: 05_Arjun_Varma_DevOps_Engineer.pdf
2026-08-29 19:30:43 | DEBUG    | pdf_parser | Parsed candidate: Arjun Varma | skills=15
2026-08-29 19:30:50 | INFO     | analyzer | Analyzed 5 candidates for role 'Python Developer'
2026-08-30 13:24:55 | INFO     | pdf_parser | Parsing resume: jaswanths_resume.pdf
2026-08-30 13:24:55 | DEBUG    | pdf_parser | Parsed candidate: Chapala Jaswanth | skills=32
2026-08-30 13:25:15 | INFO     | analyzer | Analyzed 1 candidates for role 'Python Developer'
2026-08-30 13:25:21 | INFO     | analyzer | Analyzed 1 candidates for role 'Python Developer'
2026-08-30 13:25:46 | INFO     | analyzer | Analyzed 1 candidates for role 'Python Developer'
